// Jest Snapshot v1, https://goo.gl/fbAQLP

exports[`class Game extends _react2.default.Component {
  render() {
    return (
      _react2.default.createElement('div', { className: 'game', __source: { fileName: _jsxFileName, lineNumber: 78 }, __self: this },
        _react2.default.createElement('div', { className: 'game-board', __source: { fileName: _jsxFileName, lineNumber: 79 }, __self: this },
          _react2.default.createElement(Board, { __source: { fileName: _jsxFileName, lineNumber: 80 }, __self: this }))));



  }} renders and matches our snapshot 1`] = `[Function]`;
